START 2026-08-21T19:24:40+08:00
FINAL_ATTEMPT_2 transport-timeout recovery only; no model, Python, commit, or requirement changes
OFFICIAL_REPO https://github.com/Magnushhoie/DiscoTope-3.0 commit 35d9f2e55f97eaba2a7acefbc394db58fb9670bc
WARNING: Retrying (Retry(total=4, connect=None, read=None, redirect=None, status=None)) after connection broken by 'NewConnectionError("HTTPSConnection(host='pypi.org', port=443): Failed to establish a new connection: [Errno 101] Network is unreachable")': /simple/torch-geometric/
WARNING: Retrying (Retry(total=3, connect=None, read=None, redirect=None, status=None)) after connection broken by 'NameResolutionError("HTTPSConnection(host='pypi.org', port=443): Failed to resolve 'pypi.org' ([Errno -3] Temporary failure in name resolution)")': /simple/torch-geometric/
WARNING: Retrying (Retry(total=2, connect=None, read=None, redirect=None, status=None)) after connection broken by 'NameResolutionError("HTTPSConnection(host='pypi.org', port=443): Failed to resolve 'pypi.org' ([Errno -3] Temporary failure in name resolution)")': /simple/torch-geometric/
WARNING: Retrying (Retry(total=1, connect=None, read=None, redirect=None, status=None)) after connection broken by 'NameResolutionError("HTTPSConnection(host='pypi.org', port=443): Failed to resolve 'pypi.org' ([Errno -3] Temporary failure in name resolution)")': /simple/torch-geometric/
WARNING: Retrying (Retry(total=0, connect=None, read=None, redirect=None, status=None)) after connection broken by 'NameResolutionError("HTTPSConnection(host='pypi.org', port=443): Failed to resolve 'pypi.org' ([Errno -3] Temporary failure in name resolution)")': /simple/torch-geometric/
ERROR: Could not find a version that satisfies the requirement torch_geometric==2.7.* (from versions: none)
ERROR: No matching distribution found for torch_geometric==2.7.*
Processing ./.
  Installing build dependencies: started
  Installing build dependencies: still running...
  Installing build dependencies: still running...
  Installing build dependencies: finished with status 'error'
  error: subprocess-exited-with-error
  
  × installing build dependencies did not run successfully.
  │ exit code: 1
  ╰─> [7 lines of output]
      WARNING: Retrying (Retry(total=4, connect=None, read=None, redirect=None, status=None)) after connection broken by 'NameResolutionError("HTTPSConnection(host='pypi.org', port=443): Failed to resolve 'pypi.org' ([Errno -3] Temporary failure in name resolution)")': /simple/setuptools/
      WARNING: Retrying (Retry(total=3, connect=None, read=None, redirect=None, status=None)) after connection broken by 'NameResolutionError("HTTPSConnection(host='pypi.org', port=443): Failed to resolve 'pypi.org' ([Errno -3] Temporary failure in name resolution)")': /simple/setuptools/
      WARNING: Retrying (Retry(total=2, connect=None, read=None, redirect=None, status=None)) after connection broken by 'NameResolutionError("HTTPSConnection(host='pypi.org', port=443): Failed to resolve 'pypi.org' ([Errno -3] Temporary failure in name resolution)")': /simple/setuptools/
      WARNING: Retrying (Retry(total=1, connect=None, read=None, redirect=None, status=None)) after connection broken by 'NameResolutionError("HTTPSConnection(host='pypi.org', port=443): Failed to resolve 'pypi.org' ([Errno -3] Temporary failure in name resolution)")': /simple/setuptools/
      WARNING: Retrying (Retry(total=0, connect=None, read=None, redirect=None, status=None)) after connection broken by 'NameResolutionError("HTTPSConnection(host='pypi.org', port=443): Failed to resolve 'pypi.org' ([Errno -3] Temporary failure in name resolution)")': /simple/setuptools/
      ERROR: Could not find a version that satisfies the requirement setuptools>=40.8.0 (from versions: none)
      ERROR: No matching distribution found for setuptools>=40.8.0
      [end of output]
  
  note: This error originates from a subprocess, and is likely not a problem with pip.
ERROR: Failed to build 'file:///mnt/c/Users/Administrator/Desktop/IL-24%28teeth%EF%BC%89/work/agent_a_environment/repos/DiscoTope-3.0-35d9f2e' when installing build dependencies
bash: line 13: unzip: command not found
Traceback (most recent call last):
  File "<stdin>", line 1, in <module>
ModuleNotFoundError: No module named 'torch'
Traceback (most recent call last):
  File "/mnt/c/Users/Administrator/Desktop/IL-24(teeth）/work/agent_a_environment/repos/DiscoTope-3.0-35d9f2e/discotope3/main.py", line 13, in <module>
    from discotope3 import make_dataset
ModuleNotFoundError: No module named 'discotope3'
END 2026-08-21T19:29:27+08:00
