{"started_utc": "2026-09-21T12:02:52.227631+00:00", "command": ["/home/xinlab/home/ws/phase2/venv/bin/python", "-B", "/mnt/il24_full181_supplement_20260921/src/analyze_full181_supplement.py"]}
{"planned_rows": 30, "completed_observations": 30, "contact_rows": 2232, "output": "/mnt/il24_full181_supplement_20260921/results/full181_supplement"}
{"started_utc": "2026-09-21T12:02:54.213024+00:00", "command": ["/home/xinlab/home/ws/phase2/venv/bin/python", "-B", "/mnt/il24_full181_supplement_20260921/src/run_full181_supplement.py", "--prodigy", "/home/xinlab/home/ws/phase2/venv/bin/prodigy"]}
{"started_utc": "2026-09-21T12:02:59.405250+00:00", "command": ["/home/xinlab/home/ws/phase2/venv/bin/python", "-B", "/mnt/il24_full181_supplement_20260921/src/full181_ensemble.py", "--prior", "/mnt/il24_full181_supplement_20260921/results/full181_supplement/inputs/phase1_prior_deduplicated.csv"]}
{
  "full181_completed": 30,
  "full181_planned": 30,
  "baseline_saved_per_model_observations": 60,
  "baseline_saved_by_condition": {
    "empty": 30,
    "formal_msa": 30
  },
  "baseline_verified_raw_bundles": 60,
  "baseline_prodigy_numeric_observations": 60,
  "baseline_pdb_files": 60,
  "baseline_unique_pdb_models": 60,
  "frozen_prior_status": "available",
  "note": "90 planned keys are not 90 completed models. No hashes or prediction runs performed."
}
{"started_utc": "2026-09-21T12:02:59.822011+00:00", "command": ["/home/xinlab/home/ws/phase2/venv/bin/python", "-B", "/mnt/il24_full181_supplement_20260921/src/audit_full181_execution.py", "--require-complete"]}
{"validated_tasks": 30, "processed_msa_rows": 90, "original_files_checked": 1166, "original_metadata_changes": 0}
