START 2026-09-02T22:14:54+08:00 native_blind seed 1
DONE  2026-09-02T22:16:14+08:00 native_blind seed 1
START 2026-09-02T22:16:14+08:00 native_blind seed 2
DONE  2026-09-02T22:17:32+08:00 native_blind seed 2
START 2026-09-02T22:17:32+08:00 native_blind seed 3
DONE  2026-09-02T22:18:51+08:00 native_blind seed 3
START 2026-09-02T22:18:51+08:00 native_blind seed 4
DONE  2026-09-02T22:20:09+08:00 native_blind seed 4
START 2026-09-02T22:20:09+08:00 native_blind seed 5
DONE  2026-09-02T22:21:28+08:00 native_blind seed 5
START 2026-09-02T22:21:28+08:00 native_blind seed 6
DONE  2026-09-02T22:22:46+08:00 native_blind seed 6
START 2026-09-02T22:22:46+08:00 native_blind seed 7
DONE  2026-09-02T22:24:04+08:00 native_blind seed 7
START 2026-09-02T22:24:04+08:00 native_blind seed 8
DONE  2026-09-02T22:25:23+08:00 native_blind seed 8
START 2026-09-02T22:25:23+08:00 native_blind seed 9
DONE  2026-09-02T22:26:42+08:00 native_blind seed 9
START 2026-09-02T22:26:42+08:00 native_blind seed 10
DONE  2026-09-02T22:28:00+08:00 native_blind seed 10
START 2026-09-02T22:28:00+08:00 native_blind seed 11
DONE  2026-09-02T22:29:19+08:00 native_blind seed 11
START 2026-09-02T22:29:19+08:00 native_blind seed 12
DONE  2026-09-02T22:30:38+08:00 native_blind seed 12
START 2026-09-02T22:30:38+08:00 native_blind seed 13
DONE  2026-09-02T22:31:57+08:00 native_blind seed 13
START 2026-09-02T22:31:57+08:00 native_blind seed 14
DONE  2026-09-02T22:33:16+08:00 native_blind seed 14
START 2026-09-02T22:33:16+08:00 native_blind seed 15
DONE  2026-09-02T22:34:36+08:00 native_blind seed 15
START 2026-09-02T22:34:36+08:00 immunogen_blind seed 1
DONE  2026-09-02T22:35:50+08:00 immunogen_blind seed 1
START 2026-09-02T22:35:50+08:00 immunogen_blind seed 2
DONE  2026-09-02T22:37:05+08:00 immunogen_blind seed 2
START 2026-09-02T22:37:05+08:00 immunogen_blind seed 3
DONE  2026-09-02T22:38:20+08:00 immunogen_blind seed 3
START 2026-09-02T22:38:20+08:00 immunogen_blind seed 4
DONE  2026-09-02T22:39:35+08:00 immunogen_blind seed 4
START 2026-09-02T22:39:35+08:00 immunogen_blind seed 5
DONE  2026-09-02T22:40:49+08:00 immunogen_blind seed 5
START 2026-09-02T22:40:49+08:00 immunogen_blind seed 6
DONE  2026-09-02T22:42:04+08:00 immunogen_blind seed 6
START 2026-09-02T22:42:04+08:00 immunogen_blind seed 7
DONE  2026-09-02T22:43:19+08:00 immunogen_blind seed 7
START 2026-09-02T22:43:19+08:00 immunogen_blind seed 8
DONE  2026-09-02T22:44:33+08:00 immunogen_blind seed 8
START 2026-09-02T22:44:33+08:00 immunogen_blind seed 9
DONE  2026-09-02T22:45:48+08:00 immunogen_blind seed 9
START 2026-09-02T22:45:48+08:00 immunogen_blind seed 10
DONE  2026-09-02T22:47:07+08:00 immunogen_blind seed 10
START 2026-09-02T22:47:07+08:00 immunogen_blind seed 11
DONE  2026-09-02T22:48:25+08:00 immunogen_blind seed 11
START 2026-09-02T22:48:25+08:00 immunogen_blind seed 12
DONE  2026-09-02T22:49:42+08:00 immunogen_blind seed 12
START 2026-09-02T22:49:42+08:00 immunogen_blind seed 13
DONE  2026-09-02T22:50:59+08:00 immunogen_blind seed 13
START 2026-09-02T22:50:59+08:00 immunogen_blind seed 14
DONE  2026-09-02T22:52:17+08:00 immunogen_blind seed 14
START 2026-09-02T22:52:17+08:00 immunogen_blind seed 15
DONE  2026-09-02T22:53:39+08:00 immunogen_blind seed 15
FORMAL_MSA_DONE 2026-09-02T22:53:39+08:00
