Downloaded data/raw/abbench/README.md 385
Downloaded data/raw/abbench/binding_affinity/1mhp_LC_benchmarking_data.csv 16942
Downloaded data/raw/abbench/binding_affinity/1mlc_benchmarking_data.csv 294963
Downloaded data/raw/abbench/binding_affinity/1n8z_benchmarking_data.csv 104757
Downloaded data/raw/abbench/binding_affinity/2fjg_benchmarking_data.csv 547464
Downloaded data/raw/abbench/binding_affinity/3gbn_h1_benchmarking_data.csv 468404
Downloaded data/raw/abbench/binding_affinity/3gbn_h9_benchmarking_data.csv 454981
Downloaded data/raw/abbench/binding_affinity/4d5_her2_benchmarking_data_trimmed.csv 509099
Downloaded data/raw/abbench/binding_affinity/4fqi_h1_benchmarking_data.csv 16234561
Downloaded data/raw/abbench/binding_affinity/4fqi_h3_benchmarking_data.csv 15565895
Downloaded data/raw/abbench/binding_affinity/5a12_ang2_benchmarking_data.csv 418048
Downloaded data/raw/abbench/binding_affinity/5a12_vegf_benchmarking_data.csv 13139563
Downloaded data/raw/abbench/binding_affinity/aayl49_ML_benchmarking_data.csv 2245998
Downloaded data/raw/abbench/binding_affinity/aayl49_benchmarking_data.csv 1081437
Downloaded data/raw/abbench/binding_affinity/aayl50_LC_benchmarking_data.csv 2877358
Downloaded data/raw/abbench/binding_affinity/aayl51_benchmarking_data.csv 1096445
Downloaded data/raw/abbench/binding_affinity/aayl52_LC_benchmarking_data.csv 3261751
Downloaded data/raw/abbench/binding_affinity/g6_LC_benchmarking_data.csv 497811
Downloaded data/raw/abbench/complex_structure/1mhp.pdb 718389
Downloaded data/raw/abbench/complex_structure/1mhp_hla.pdb 257478
Downloaded data/raw/abbench/complex_structure/1mlc_bae.pdb 221707
Downloaded data/raw/abbench/complex_structure/1n8z_bac.pdb 507394
Downloaded data/raw/abbench/complex_structure/2fjg_hlv.pdb 201867
Downloaded data/raw/abbench/complex_structure/3gbn_hlab.pdb 461683
Downloaded data/raw/abbench/complex_structure/4fqi_hlab.pdb 475816
Downloaded data/raw/abbench/complex_structure/4zff_hld.pdb 325144
Downloaded data/raw/abbench/complex_structure/4zfg_hla.pdb 407440
Downloaded data/raw/abbench/complex_structure/AAYL49_bca.pdb 149254
Downloaded data/raw/abbench/complex_structure/AAYL50_bca.pdb 149254
Downloaded data/raw/abbench/complex_structure/AAYL51_bca.pdb 150926
Downloaded data/raw/abbench/complex_structure/AAYL52_bca.pdb 145496
Downloaded data/raw/abbench/croissant.json 2512
Downloaded data/raw/abbench/metadata.json 5982
Downloaded data/raw/il6/README.md 1826
Downloaded data/raw/il6/data/eval-00000-of-00001-a40495c682708005.parquet 8151
Downloaded data/raw/il6/data/test-00000-of-00001-0517149654f6c6d0.parquet 6843
Downloaded data/raw/il6/data/train-00000-of-00001-9e571e65dddec97a.parquet 47695
Downloaded data/raw/abagym/AbAgym_data_non-redundant_interface.csv 2911822
Downloaded data/raw/abagym/AbAgym_metadata.csv 9386
Downloaded data/raw/abagym/PDB_files.zip 17367091
Downloaded data/raw/abagym/README.md 3740
