{
  "independent_csv_roundtrip_checks": "passed",
  "verified_AbAgym_mutants": 36173,
  "conflicting_sequence_groups_by_source": {
    "abbench": 61030,
    "abagym": 1203
  },
  "conflicting_sequence_groups_within_same_assay": {},
  "unique_sequences": 178850,
  "counts": {
    "train": 199999,
    "validation": 20000,
    "test": 33508
  },
  "tests": 7,
  "length_histogram": {
    "101": 1,
    "107": 1341,
    "111": 6,
    "112": 22,
    "113": 11,
    "114": 11,
    "115": 20,
    "116": 26,
    "117": 18,
    "118": 33,
    "119": 40,
    "120": 60,
    "121": 209,
    "122": 68,
    "123": 99,
    "124": 152,
    "125": 123,
    "126": 398,
    "127": 81,
    "128": 148,
    "129": 15,
    "130": 85,
    "131": 5,
    "132": 3,
    "134": 1,
    "135": 1,
    "147": 606,
    "149": 418,
    "153": 2787,
    "160": 548,
    "167": 679,
    "168": 399,
    "172": 513,
    "182": 112,
    "186": 88,
    "189": 3614,
    "193": 614,
    "194": 1411,
    "195": 1796,
    "196": 801,
    "197": 752,
    "198": 883,
    "199": 341,
    "211": 971,
    "213": 657,
    "214": 242,
    "215": 205,
    "218": 384,
    "220": 521,
    "225": 17630,
    "226": 1229,
    "230": 136856,
    "231": 24738,
    "234": 4320,
    "258": 1528,
    "319": 741,
    "321": 285,
    "323": 307,
    "424": 29981,
    "426": 3803,
    "428": 944,
    "460": 690,
    "470": 2708,
    "471": 513,
    "500": 740,
    "501": 570,
    "503": 1499,
    "985": 430,
    "990": 191,
    "1000": 554,
    "1002": 353,
    "1004": 578
  }
}