F                                                                        [100%]
=================================== FAILURES ===================================
___________ test_recovery_preserves_best_and_skips_consumed_batches ____________

tmp_path = PosixPath('/mnt/pxh/teeth/inovate/tmp/pytest-of-pxh/pytest-0/test_recovery_preserves_best_a0')

    def test_recovery_preserves_best_and_skips_consumed_batches(tmp_path):
        f=tmp_path/'records.csv'
        pd.DataFrame({'model_sequence':['ACDE']*64,'label':[0,1]*32,'source':['a']*64,'mutated_partner':['antibody']*64}).to_csv(f,index=False)
        cfg={'seed':42,'model_dir':'unused','train_csv':str(f),'validation_csv':str(f),'per_device_batch_size':16,'learning_rate':.01,'weight_decay':.01,'early_stopping_patience':3,'epochs':2,'expected_world_size':1,'gradient_accumulation_steps':1,'log_every_steps':1,'checkpoint_every_steps':2,'evaluation_every_steps':2,'evaluation_batch_size':16,'grad_clip':1.}
        identity={'test':'tiny CPU fake encoder'};data={s:train.data_identity(f) for s in ['train','validation']}
        model=Tiny();base=tmp_path/'esm2_650m_frozen_best.pt'
        torch.save({'state_dict':{'head.'+k:v for k,v in model.head.state_dict().items()},'source_checkpoint_identity':identity,'data_identity':data},base)
        saved={'config':dict(cfg),'state_dict':model.state_dict(),'epoch':1,'global_step':2,'complete_epoch':False,'metrics':None,'source_checkpoint_identity':identity,'training':{'baseline_checkpoint_sha256':train.sha_file(base)}}
        resume=tmp_path/'immutable_resume.pt';torch.save(saved,resume)
        best=tmp_path/'esm2_650m_lora_best.pt';best_payload=dict(saved);best_payload.update(global_step=1,metrics={'mcc':1.0});torch.save(best_payload,best)
        best_hash=train.sha_file(best);cfg['resume_checkpoint']=str(resume)
        fake=types.ModuleType('modeling');fake.make_model=lambda config,lora:Tiny();fake.trainable_state=lambda m:{k:v.detach().cpu() for k,v in m.state_dict().items()}
        with patch.object(train,'OUT',tmp_path),patch.object(train,'log',lambda message:None),patch.object(train,'Tokens',TinyTokens),patch.object(train,'source_identity',return_value=identity),patch.dict(sys.modules,{'modeling':fake}):
            train.lora(cfg,float('inf'))
        losses=pd.read_csv(tmp_path/'losses.csv');steps=losses.loc[losses.validation_mcc.isna(),'global_step'].tolist()
>       assert steps==list(range(3,9)),steps
E       AssertionError: [1, 2, 3, 4, 5, 6, ...]
E       assert [1, 2, 3, 4, 5, 6, ...] == [3, 4, 5, 6, 7, 8]
E         
E         At index 0 diff: 1 != 3
E         Left contains 2 more items, first extra item: 7
E         Use -v to get more diff

tests/test_recovery.py:34: AssertionError
=========================== short test summary info ============================
FAILED tests/test_recovery.py::test_recovery_preserves_best_and_skips_consumed_batches
1 failed in 6.16s
