Setting up isolated experiment dependencies
ESM-2 650M pretrained files copied into inovate
 
Usage:   
  /mnt/pxh/teeth/inovate/.venv/bin/python -m pip install [options] <requirement specifier> [package-index-options] ...
  /mnt/pxh/teeth/inovate/.venv/bin/python -m pip install [options] -r <requirements file> [package-index-options] ...
  /mnt/pxh/teeth/inovate/.venv/bin/python -m pip install [options] [-e] <vcs project url> ...
  /mnt/pxh/teeth/inovate/.venv/bin/python -m pip install [options] [-e] <local project path> ...
  /mnt/pxh/teeth/inovate/.venv/bin/python -m pip install [options] <archive url/path> ...

no such option: --dry-run

Requirement already satisfied: pip in /mnt/pxh/teeth/phase2/venv/lib/python3.10/site-packages (21.3.1)
Collecting datasets
  Downloading datasets-5.0.1-py3-none-any.whl (559 kB)
Collecting transformers==4.48.3
  Downloading transformers-4.48.3-py3-none-any.whl (9.7 MB)
Collecting peft==0.14.0
  Downloading peft-0.14.0-py3-none-any.whl (374 kB)
Collecting fair-esm==2.0.0
  Downloading fair_esm-2.0.0-py3-none-any.whl (93 kB)
Collecting biopython==1.85
  Downloading biopython-1.85-cp310-cp310-manylinux_2_17_x86_64.manylinux2014_x86_64.whl (3.2 MB)
Requirement already satisfied: omegaconf==2.3.0 in /mnt/pxh/teeth/phase2/venv/lib/python3.10/site-packages (2.3.0)
Requirement already satisfied: pyyaml in /mnt/pxh/teeth/phase2/venv/lib/python3.10/site-packages (6.0.2)
Collecting pytest
  Downloading pytest-9.1.1-py3-none-any.whl (386 kB)
Collecting matplotlib
  Downloading matplotlib-3.10.9-cp310-cp310-manylinux2014_x86_64.manylinux_2_17_x86_64.whl (8.8 MB)
Requirement already satisfied: scipy in /mnt/pxh/teeth/phase2/venv/lib/python3.10/site-packages (1.13.1)
Requirement already satisfied: requests in /mnt/pxh/teeth/phase2/venv/lib/python3.10/site-packages (from transformers==4.48.3) (2.32.3)
Requirement already satisfied: packaging>=20.0 in /mnt/pxh/teeth/phase2/venv/lib/python3.10/site-packages (from transformers==4.48.3) (26.3)
Collecting tokenizers<0.22,>=0.21
  Downloading tokenizers-0.21.4-cp39-abi3-manylinux_2_17_x86_64.manylinux2014_x86_64.whl (3.1 MB)
Requirement already satisfied: tqdm>=4.27 in /mnt/pxh/teeth/phase2/venv/lib/python3.10/site-packages (from transformers==4.48.3) (4.70.0)
Collecting regex!=2019.12.17
  Downloading regex-2026.9.10-cp310-cp310-manylinux2014_x86_64.manylinux_2_17_x86_64.manylinux_2_28_x86_64.whl (796 kB)
Collecting safetensors>=0.4.1
  Downloading safetensors-0.8.0-cp310-abi3-manylinux_2_17_x86_64.manylinux2014_x86_64.whl (516 kB)
Requirement already satisfied: filelock in /mnt/pxh/teeth/phase2/venv/lib/python3.10/site-packages (from transformers==4.48.3) (3.32.4)
Requirement already satisfied: numpy>=1.17 in /mnt/pxh/teeth/phase2/venv/lib/python3.10/site-packages (from transformers==4.48.3) (1.26.4)
Collecting huggingface-hub<1.0,>=0.24.0
  Downloading huggingface_hub-0.36.2-py3-none-any.whl (566 kB)
Requirement already satisfied: psutil in /mnt/pxh/teeth/phase2/venv/lib/python3.10/site-packages (from peft==0.14.0) (7.2.2)
Requirement already satisfied: torch>=1.13.0 in /mnt/pxh/teeth/phase2/venv/lib/python3.10/site-packages (from peft==0.14.0) (2.6.0+cu124)
Collecting accelerate>=0.21.0
  Downloading accelerate-1.15.0-py3-none-any.whl (394 kB)
Requirement already satisfied: antlr4-python3-runtime==4.9.* in /mnt/pxh/teeth/phase2/venv/lib/python3.10/site-packages (from omegaconf==2.3.0) (4.9.3)
Collecting fsspec[http]<=2026.6.0,>=2023.1.0
  Downloading fsspec-2026.6.0-py3-none-any.whl (203 kB)
Collecting pyarrow>=21.0.0
  Downloading pyarrow-25.0.1-cp310-cp310-manylinux_2_28_x86_64.whl (50.1 MB)
Requirement already satisfied: pandas in /mnt/pxh/teeth/phase2/venv/lib/python3.10/site-packages (from datasets) (2.3.2)
Collecting dill<0.4.2,>=0.3.0
  Downloading dill-0.4.1-py3-none-any.whl (120 kB)
Collecting xxhash
  Downloading xxhash-4.0.1-cp310-cp310-manylinux2014_x86_64.manylinux_2_17_x86_64.manylinux_2_28_x86_64.whl (249 kB)
Collecting multiprocess<0.70.20
  Downloading multiprocess-0.70.19-py310-none-any.whl (134 kB)
Collecting httpx<1.0.0
  Downloading httpx-0.28.1-py3-none-any.whl (73 kB)
Collecting exceptiongroup>=1
  Downloading exceptiongroup-1.3.1-py3-none-any.whl (16 kB)
Collecting tomli>=1
  Downloading tomli-2.4.1-py3-none-any.whl (14 kB)
Collecting iniconfig>=1.0.1
  Downloading iniconfig-2.3.0-py3-none-any.whl (7.5 kB)
Collecting pluggy<2,>=1.5
  Downloading pluggy-1.6.0-py3-none-any.whl (20 kB)
Collecting pygments>=2.7.2
  Downloading pygments-2.21.0-py3-none-any.whl (1.3 MB)
Collecting pyparsing>=3
  Downloading pyparsing-3.3.3-py3-none-any.whl (126 kB)
Collecting contourpy>=1.0.1
  Downloading contourpy-1.3.2-cp310-cp310-manylinux_2_17_x86_64.manylinux2014_x86_64.whl (325 kB)
Requirement already satisfied: pillow>=8 in /mnt/pxh/teeth/phase2/venv/lib/python3.10/site-packages (from matplotlib) (12.3.0)
Collecting kiwisolver>=1.3.1
  Downloading kiwisolver-1.5.1-cp310-cp310-manylinux_2_12_x86_64.manylinux2010_x86_64.whl (1.6 MB)
Requirement already satisfied: python-dateutil>=2.7 in /mnt/pxh/teeth/phase2/venv/lib/python3.10/site-packages (from matplotlib) (2.9.0.post0)
Collecting fonttools>=4.22.0
  Downloading fonttools-4.65.0-cp310-cp310-manylinux2014_x86_64.manylinux_2_17_x86_64.whl (5.3 MB)
Collecting cycler>=0.10
  Downloading cycler-0.12.1-py3-none-any.whl (8.3 kB)
Requirement already satisfied: typing-extensions>=4.6.0 in /mnt/pxh/teeth/phase2/venv/lib/python3.10/site-packages (from exceptiongroup>=1->pytest) (4.16.0)
Requirement already satisfied: aiohttp!=4.0.0a0,!=4.0.0a1 in /mnt/pxh/teeth/phase2/venv/lib/python3.10/site-packages (from fsspec[http]<=2026.6.0,>=2023.1.0->datasets) (3.14.3)
Requirement already satisfied: certifi in /mnt/pxh/teeth/phase2/venv/lib/python3.10/site-packages (from httpx<1.0.0->datasets) (2026.7.22)
Requirement already satisfied: idna in /mnt/pxh/teeth/phase2/venv/lib/python3.10/site-packages (from httpx<1.0.0->datasets) (3.19)
Collecting anyio
  Downloading anyio-4.15.1-py3-none-any.whl (132 kB)
Collecting httpcore==1.*
  Downloading httpcore-1.0.9-py3-none-any.whl (78 kB)
Collecting h11>=0.16
  Downloading h11-0.16.0-py3-none-any.whl (37 kB)
Collecting hf-xet<2.0.0,>=1.1.3
  Downloading hf_xet-1.6.0-cp38-abi3-manylinux2014_x86_64.manylinux_2_17_x86_64.whl (4.5 MB)
Requirement already satisfied: six>=1.5 in /mnt/pxh/teeth/phase2/venv/lib/python3.10/site-packages (from python-dateutil>=2.7->matplotlib) (1.17.0)
Requirement already satisfied: charset-normalizer<4,>=2 in /mnt/pxh/teeth/phase2/venv/lib/python3.10/site-packages (from requests->transformers==4.48.3) (3.5.1)
Requirement already satisfied: urllib3<3,>=1.21.1 in /mnt/pxh/teeth/phase2/venv/lib/python3.10/site-packages (from requests->transformers==4.48.3) (2.7.0)
Requirement already satisfied: nvidia-nvjitlink-cu12==12.4.127 in /mnt/pxh/teeth/phase2/venv/lib/python3.10/site-packages (from torch>=1.13.0->peft==0.14.0) (12.4.127)
Requirement already satisfied: jinja2 in /mnt/pxh/teeth/phase2/venv/lib/python3.10/site-packages (from torch>=1.13.0->peft==0.14.0) (3.1.6)
Requirement already satisfied: nvidia-cuda-cupti-cu12==12.4.127 in /mnt/pxh/teeth/phase2/venv/lib/python3.10/site-packages (from torch>=1.13.0->peft==0.14.0) (12.4.127)
Requirement already satisfied: nvidia-curand-cu12==10.3.5.147 in /mnt/pxh/teeth/phase2/venv/lib/python3.10/site-packages (from torch>=1.13.0->peft==0.14.0) (10.3.5.147)
Requirement already satisfied: nvidia-nccl-cu12==2.21.5 in /mnt/pxh/teeth/phase2/venv/lib/python3.10/site-packages (from torch>=1.13.0->peft==0.14.0) (2.21.5)
Requirement already satisfied: sympy==1.13.1 in /mnt/pxh/teeth/phase2/venv/lib/python3.10/site-packages (from torch>=1.13.0->peft==0.14.0) (1.13.1)
Requirement already satisfied: nvidia-cusparse-cu12==12.3.1.170 in /mnt/pxh/teeth/phase2/venv/lib/python3.10/site-packages (from torch>=1.13.0->peft==0.14.0) (12.3.1.170)
Requirement already satisfied: nvidia-cusparselt-cu12==0.6.2 in /mnt/pxh/teeth/phase2/venv/lib/python3.10/site-packages (from torch>=1.13.0->peft==0.14.0) (0.6.2)
Requirement already satisfied: nvidia-cudnn-cu12==9.1.0.70 in /mnt/pxh/teeth/phase2/venv/lib/python3.10/site-packages (from torch>=1.13.0->peft==0.14.0) (9.1.0.70)
Requirement already satisfied: nvidia-nvtx-cu12==12.4.127 in /mnt/pxh/teeth/phase2/venv/lib/python3.10/site-packages (from torch>=1.13.0->peft==0.14.0) (12.4.127)
Requirement already satisfied: nvidia-cublas-cu12==12.4.5.8 in /mnt/pxh/teeth/phase2/venv/lib/python3.10/site-packages (from torch>=1.13.0->peft==0.14.0) (12.4.5.8)
Requirement already satisfied: nvidia-cufft-cu12==11.2.1.3 in /mnt/pxh/teeth/phase2/venv/lib/python3.10/site-packages (from torch>=1.13.0->peft==0.14.0) (11.2.1.3)
Requirement already satisfied: networkx in /mnt/pxh/teeth/phase2/venv/lib/python3.10/site-packages (from torch>=1.13.0->peft==0.14.0) (3.4.2)
Requirement already satisfied: nvidia-cuda-runtime-cu12==12.4.127 in /mnt/pxh/teeth/phase2/venv/lib/python3.10/site-packages (from torch>=1.13.0->peft==0.14.0) (12.4.127)
Requirement already satisfied: triton==3.2.0 in /mnt/pxh/teeth/phase2/venv/lib/python3.10/site-packages (from torch>=1.13.0->peft==0.14.0) (3.2.0)
Requirement already satisfied: nvidia-cuda-nvrtc-cu12==12.4.127 in /mnt/pxh/teeth/phase2/venv/lib/python3.10/site-packages (from torch>=1.13.0->peft==0.14.0) (12.4.127)
Requirement already satisfied: nvidia-cusolver-cu12==11.6.1.9 in /mnt/pxh/teeth/phase2/venv/lib/python3.10/site-packages (from torch>=1.13.0->peft==0.14.0) (11.6.1.9)
Requirement already satisfied: mpmath<1.4,>=1.1.0 in /mnt/pxh/teeth/phase2/venv/lib/python3.10/site-packages (from sympy==1.13.1->torch>=1.13.0->peft==0.14.0) (1.3.0)
Requirement already satisfied: pytz>=2020.1 in /mnt/pxh/teeth/phase2/venv/lib/python3.10/site-packages (from pandas->datasets) (2026.3.post1)
Requirement already satisfied: tzdata>=2022.7 in /mnt/pxh/teeth/phase2/venv/lib/python3.10/site-packages (from pandas->datasets) (2026.3)
Requirement already satisfied: aiosignal>=1.4.0 in /mnt/pxh/teeth/phase2/venv/lib/python3.10/site-packages (from aiohttp!=4.0.0a0,!=4.0.0a1->fsspec[http]<=2026.6.0,>=2023.1.0->datasets) (1.4.0)
Requirement already satisfied: attrs>=17.3.0 in /mnt/pxh/teeth/phase2/venv/lib/python3.10/site-packages (from aiohttp!=4.0.0a0,!=4.0.0a1->fsspec[http]<=2026.6.0,>=2023.1.0->datasets) (26.1.0)
Requirement already satisfied: aiohappyeyeballs>=2.5.0 in /mnt/pxh/teeth/phase2/venv/lib/python3.10/site-packages (from aiohttp!=4.0.0a0,!=4.0.0a1->fsspec[http]<=2026.6.0,>=2023.1.0->datasets) (2.7.1)
Requirement already satisfied: multidict<7.0,>=4.5 in /mnt/pxh/teeth/phase2/venv/lib/python3.10/site-packages (from aiohttp!=4.0.0a0,!=4.0.0a1->fsspec[http]<=2026.6.0,>=2023.1.0->datasets) (6.7.1)
Requirement already satisfied: frozenlist>=1.1.1 in /mnt/pxh/teeth/phase2/venv/lib/python3.10/site-packages (from aiohttp!=4.0.0a0,!=4.0.0a1->fsspec[http]<=2026.6.0,>=2023.1.0->datasets) (1.8.0)
Requirement already satisfied: yarl<2.0,>=1.17.0 in /mnt/pxh/teeth/phase2/venv/lib/python3.10/site-packages (from aiohttp!=4.0.0a0,!=4.0.0a1->fsspec[http]<=2026.6.0,>=2023.1.0->datasets) (1.24.5)
Requirement already satisfied: async-timeout<6.0,>=4.0 in /mnt/pxh/teeth/phase2/venv/lib/python3.10/site-packages (from aiohttp!=4.0.0a0,!=4.0.0a1->fsspec[http]<=2026.6.0,>=2023.1.0->datasets) (5.0.1)
Requirement already satisfied: propcache>=0.2.0 in /mnt/pxh/teeth/phase2/venv/lib/python3.10/site-packages (from aiohttp!=4.0.0a0,!=4.0.0a1->fsspec[http]<=2026.6.0,>=2023.1.0->datasets) (0.5.2)
Requirement already satisfied: MarkupSafe>=2.0 in /mnt/pxh/teeth/phase2/venv/lib/python3.10/site-packages (from jinja2->torch>=1.13.0->peft==0.14.0) (3.0.3)
Installing collected packages: hf-xet, fsspec, huggingface-hub, h11, exceptiongroup, tokenizers, safetensors, regex, httpcore, dill, anyio, xxhash, transformers, tomli, pyparsing, pygments, pyarrow, pluggy, multiprocess, kiwisolver, iniconfig, httpx, fonttools, cycler, contourpy, accelerate, pytest, peft, matplotlib, fair-esm, datasets, biopython
  Attempting uninstall: fsspec
    Found existing installation: fsspec 2026.7.0
    Not uninstalling fsspec at /mnt/pxh/teeth/phase2/venv/lib/python3.10/site-packages, outside environment /mnt/pxh/teeth/inovate/.venv
    Can't uninstall 'fsspec'. No files were found to uninstall.
  Attempting uninstall: biopython
    Found existing installation: biopython 1.84
    Not uninstalling biopython at /mnt/pxh/teeth/phase2/venv/lib/python3.10/site-packages, outside environment /mnt/pxh/teeth/inovate/.venv
    Can't uninstall 'biopython'. No files were found to uninstall.
ERROR: pip's dependency resolver does not currently take into account all the packages that are installed. This behaviour is the source of the following dependency conflicts.
prodigy-prot 2.4.0 requires freesasa>=2.2.1, which is not installed.
prodigy-prot 2.4.0 requires numpy>=2, but you have numpy 1.26.4 which is incompatible.
boltz 2.2.1 requires biopython==1.84, but you have biopython 1.85 which is incompatible.
Successfully installed accelerate-1.15.0 anyio-4.15.1 biopython-1.85 contourpy-1.3.2 cycler-0.12.1 datasets-5.0.1 dill-0.4.1 exceptiongroup-1.3.1 fair-esm-2.0.0 fonttools-4.65.0 fsspec-2026.6.0 h11-0.16.0 hf-xet-1.6.0 httpcore-1.0.9 httpx-0.28.1 huggingface-hub-0.36.2 iniconfig-2.3.0 kiwisolver-1.5.1 matplotlib-3.10.9 multiprocess-0.70.19 peft-0.14.0 pluggy-1.6.0 pyarrow-25.0.1 pygments-2.21.0 pyparsing-3.3.3 pytest-9.1.1 regex-2026.9.10 safetensors-0.8.0 tokenizers-0.21.4 tomli-2.4.1 transformers-4.48.3 xxhash-4.0.1
Dependencies installed; checking imports
2.6.0+cu124 4.48.3 0.14.0 5.0.1
NVIDIA RTX A6000
Environment ready
